---
source: src/infrastructure/backends/githubcopilot_test.rs
expression: third_recv.context
---
'[{"role":"system","content":"How may I help you?"},{"role":"user","content":"Say hi to the world"},{"role":"system","content":"Hello World"}]'
